✔ actual assembled four-endpoint scan excludes new crypto before history and every discovery consumer (37.027162ms)
✔ actual assembled incomplete catalog cannot claim 100 percent approved coverage (3.644312ms)
✔ actual assembled wrong asset and duplicate catalog rows leave approved identities unavailable (7.826334ms)
✔ actual assembled conflict across native crypto and stock rows cannot inherit a approved identity (4.890176ms)
✔ all newly approved crypto swaps reach assembled discovery with their exact fresh native measurements (4.724157ms)
✔ N01/N02/N03 are inactive and cannot score either direction or claim the physical root (3.771493ms)
✔ sole supply/calendar routes are blocked while a shared source preserves active N04 evidence (1.192463ms)
✔ manual and Telegram exclude paused facts, including previously stored facts, on the same retained snapshot (35.859624ms)
✔ exact stored manual hash is verified before paused facts are suppressed, without rewriting the archive (2.749266ms)
✔ all supply-only routes reject explicit non-XRP dispatch before admission, including manual overrides (0.426972ms)
ℹ tests 10
ℹ suites 0
ℹ pass 10
ℹ fail 0
ℹ cancelled 0
ℹ skipped 0
ℹ todo 0
ℹ duration_ms 235.974376
