TAP version 13
# Subtest: R054 R065: missing new schema cannot produce CLOSED canonical-binding audit
ok 1 - R054 R065: missing new schema cannot produce CLOSED canonical-binding audit
  ---
  duration_ms: 17.415532
  type: 'test'
  ...
# Subtest: R054: missing pipeline telemetry is not healthy
ok 2 - R054: missing pipeline telemetry is not healthy
  ---
  duration_ms: 4.48052
  type: 'test'
  ...
# Subtest: R054: stale pipeline telemetry is not healthy
ok 3 - R054: stale pipeline telemetry is not healthy
  ---
  duration_ms: 2.983856
  type: 'test'
  ...
# Subtest: R054: future pipeline telemetry is not healthy
ok 4 - R054: future pipeline telemetry is not healthy
  ---
  duration_ms: 0.309588
  type: 'test'
  ...
# Subtest: R054: unknown pipeline telemetry is not healthy
ok 5 - R054: unknown pipeline telemetry is not healthy
  ---
  duration_ms: 0.258206
  type: 'test'
  ...
# Subtest: R054: missing count rows must not be interpreted as zero defects
ok 6 - R054: missing count rows must not be interpreted as zero defects
  ---
  duration_ms: 0.585602
  type: 'test'
  ...
# Subtest: R054: fresh healthy pipeline with zero factual activity remains an honest no-activity audit
ok 7 - R054: fresh healthy pipeline with zero factual activity remains an honest no-activity audit
  ---
  duration_ms: 5.879412
  type: 'test'
  ...
1..7
# tests 7
# suites 0
# pass 7
# fail 0
# cancelled 0
# skipped 0
# todo 0
# duration_ms 759.657021
