TAP version 13
# Subtest: R020 R029 R059: full manual and actual sender agree on fractional score presentation
ok 1 - R020 R029 R059: full manual and actual sender agree on fractional score presentation
  ---
  duration_ms: 31.001401
  type: 'test'
  ...
# Subtest: R020: unavailable overall score is unavailable in both full report and Telegram
ok 2 - R020: unavailable overall score is unavailable in both full report and Telegram
  ---
  duration_ms: 5.132872
  type: 'test'
  ...
# Subtest: R006 R028 R059: actual full manual preserves trigger, cancellation, expiry and recheck separately
ok 3 - R006 R028 R059: actual full manual preserves trigger, cancellation, expiry and recheck separately
  ---
  duration_ms: 2.87391
  type: 'test'
  ...
# Subtest: R023: oversize WAIT is rejected without removing risk or silently expanding 850 limit
ok 4 - R023: oversize WAIT is rejected without removing risk or silently expanding 850 limit
  ---
  duration_ms: 2.582802
  type: 'test'
  ...
# Subtest: R022: oversize ENTRY is rejected at 1100 without deleting cancellation
ok 5 - R022: oversize ENTRY is rejected at 1100 without deleting cancellation
  ---
  duration_ms: 2.427954
  type: 'test'
  ...
# Subtest: R019: OI window and units have Russian presentation
ok 6 - R019: OI window and units have Russian presentation
  ---
  duration_ms: 2.546519
  type: 'test'
  ...
# Subtest: R059: direction must be correct in each presentation, never only the concatenation
ok 7 - R059: direction must be correct in each presentation, never only the concatenation
  ---
  duration_ms: 2.879813
  type: 'test'
  ...
# Subtest: R059: a changed cancellation cannot pass just because scores and direction match
ok 8 - R059: a changed cancellation cannot pass just because scores and direction match
  ---
  duration_ms: 3.2911
  type: 'test'
  ...
# Subtest: R080 R081: absolute OI and monetary flow cannot be mislabeled as percentages
ok 9 - R080 R081: absolute OI and monetary flow cannot be mislabeled as percentages
  ---
  duration_ms: 2.976006
  type: 'test'
  ...
# Subtest: R025 R026 R059: legacy projected levels are factual prices in the full manual as well
ok 10 - R025 R026 R059: legacy projected levels are factual prices in the full manual as well
  ---
  duration_ms: 2.375948
  type: 'test'
  ...
1..10
# tests 10
# suites 0
# pass 10
# fail 0
# cancelled 0
# skipped 0
# todo 0
# duration_ms 190.598875
