TAP version 13
# Subtest: R039 R049: an old process cannot complete a newer lease of the same actor
not ok 1 - R039 R049: an old process cannot complete a newer lease of the same actor
  ---
  duration_ms: 7.09711
  type: 'test'
  location: '/workspace/scratch/814011e8af98/work/release/final-reconciliation/tests/scheduler-recovery.test.mjs:5:1'
  failureType: 'testCodeFailure'
  error: |-
    Expected values to be strictly equal:
    
    true !== false
    
  code: 'ERR_ASSERTION'
  name: 'AssertionError'
  expected: false
  actual: true
  operator: 'strictEqual'
  stack: |-
    TestContext.<anonymous> (file:///workspace/scratch/814011e8af98/work/release/final-reconciliation/tests/scheduler-recovery.test.mjs:10:9)
    async Test.run (node:internal/test_runner/test:1389:7)
    async startSubtestAfterBootstrap (node:internal/test_runner/harness:387:3)
  ...
# Subtest: R049: a missing lease token or expired lease cannot advance last success
not ok 2 - R049: a missing lease token or expired lease cannot advance last success
  ---
  duration_ms: 1.943604
  type: 'test'
  location: '/workspace/scratch/814011e8af98/work/release/final-reconciliation/tests/scheduler-recovery.test.mjs:15:1'
  failureType: 'testCodeFailure'
  error: |-
    Expected values to be strictly equal:
    
    true !== false
    
  code: 'ERR_ASSERTION'
  name: 'AssertionError'
  expected: false
  actual: true
  operator: 'strictEqual'
  stack: |-
    TestContext.<anonymous> (file:///workspace/scratch/814011e8af98/work/release/final-reconciliation/tests/scheduler-recovery.test.mjs:17:9)
    async Test.run (node:internal/test_runner/test:1389:7)
    async Test.processPendingSubtests (node:internal/test_runner/test:960:7)
  ...
1..2
# tests 2
# suites 0
# pass 0
# fail 2
# cancelled 0
# skipped 0
# todo 0
# duration_ms 156.989236
