TAP version 13
# Subtest: R020 R029 R059: full manual and actual sender agree on fractional score presentation
not ok 1 - R020 R029 R059: full manual and actual sender agree on fractional score presentation
  ---
  duration_ms: 22.365917
  type: 'test'
  location: '/workspace/scratch/814011e8af98/work/release/final-reconciliation/tests/surface-invariants.test.mjs:8:1'
  failureType: 'testCodeFailure'
  error: |-
    Expected values to be strictly equal:
    + actual - expected
    
    + 'NOT_CLOSED'
    - 'CLOSED'
    
  code: 'ERR_ASSERTION'
  name: 'AssertionError'
  expected: 'CLOSED'
  actual: 'NOT_CLOSED'
  operator: 'strictEqual'
  stack: |-
    TestContext.<anonymous> (file:///workspace/scratch/814011e8af98/work/release/final-reconciliation/tests/surface-invariants.test.mjs:10:34)
    Test.runInAsyncScope (node:async_hooks:227:14)
    Test.run (node:internal/test_runner/test:1382:25)
    Test.start (node:internal/test_runner/test:1242:17)
    startSubtestAfterBootstrap (node:internal/test_runner/harness:387:17)
  ...
# Subtest: R020: unavailable overall score is unavailable in both full report and Telegram
not ok 2 - R020: unavailable overall score is unavailable in both full report and Telegram
  ---
  duration_ms: 4.180334
  type: 'test'
  location: '/workspace/scratch/814011e8af98/work/release/final-reconciliation/tests/surface-invariants.test.mjs:13:1'
  failureType: 'testCodeFailure'
  error: |-
    The input did not match the regular expression /Общая оценка: не подтверждена/. Input:
    
    'МОЙ ОТЧЁТ 2\n' +
      'Снимок рынка: 2026-09-27T07:01:36.608Z\n' +
      'КАНОНИЧЕСКОЕ СОСТОЯНИЕ\n' +
      'Состояние: наблюдение\n' +
      'Направление: покупка\n' +
      'Общая оценка: не проверено из 100\n' +
      'Монета интересна: 73 из 100\n' +
      'Готовность ко входу: не проверено из 100\n' +
      'ПРИЧИНЫ\n' +
      '- подтверждённых причин нет\n' +
      'РАННИЕ КАНДИДАТЫ ДО ДВИЖЕНИЯ\n' +
      'Подтверждённых ранних кандидатов нет.\n' +
      'Всего ранних кандидатов: 0.\n' +
      'ИСТОЧНИКИ И ЖЁСТКИЕ ПРОВЕРКИ\n' +
      'Свежие подтверждённые источники: нет подтверждённых источников для этого снимка.\n' +
      'Жёсткие проверки: 1.\n' +
      'Вход: 1,10–1,15 USDT\n' +
      'Условие входа: цена ниже 1,05 USDT.\n' +
      'Отмена идеи: цена ниже 1,05 USDT\n' +
      'Цели: 1.2\n' +
      'ЛИКВИДАЦИИ\n' +
      'Hyperliquid FIL, снимок 10:01 МСК; ограниченная выборка.\n' +
      'Hyperliquid FIL — выше: 5,432369756 USDC (+376%); 631160 USDC; кросс-маржа, 12,15828956 USDC (+965,3%); 686260 USDC; кросс-маржа.\n' +
      'Hyperliquid FIL — ниже: 0,9017706074 USDC (-21%); 475120 USDC.\n' +
      'Это уровни указанных площадок из ограниченной выборки; как цели на HTX отдельно не подтверждены.'
    
  code: 'ERR_ASSERTION'
  name: 'AssertionError'
  expected:
  actual: |-
    МОЙ ОТЧЁТ 2
    Снимок рынка: 2026-09-27T07:01:36.608Z
    КАНОНИЧЕСКОЕ СОСТОЯНИЕ
    Состояние: наблюдение
    Направление: покупка
    Общая оценка: не проверено из 100
    Монета интересна: 73 из 100
    Готовность ко входу: не проверено из 100
    ПРИЧИНЫ
    - подтверждённых причин нет
    РАННИЕ КАНДИДАТЫ ДО ДВИЖЕНИЯ
    Подтверждённых ранних кандидатов нет.
    Всего ранних кандидатов: 0.
    ИСТОЧНИКИ И ЖЁСТКИЕ ПРОВЕРКИ
    Свежие подтверждённые источники: нет подтверждённых источников для этого снимка.
    Жёсткие проверки: 1.
    Вход: 1,10–1,15 USDT
    Условие входа: цена ниже 1,05 USDT.
    Отмена идеи: цена ниже 1,05 USDT
    Цели: 1.2
    ЛИКВИДАЦИИ
    Hyperliquid FIL, снимок 10:01 МСК; ограниченная выборка.
    Hyperliquid FIL — выше: 5,432369756 USDC (+376%); 631160 USDC; кросс-маржа, 12,15828956 USDC (+965,3%); 686260 USDC; кросс-маржа.
    Hyperliquid FIL — ниже: 0,9017706074 USDC (-21%); 475120 USDC.
    Это уровни указанных площадок из ограниченной выборки; как цели на HTX отдельно не подтверждены.
  operator: 'match'
  stack: |-
    TestContext.<anonymous> (file:///workspace/scratch/814011e8af98/work/release/final-reconciliation/tests/surface-invariants.test.mjs:15:9)
    Test.runInAsyncScope (node:async_hooks:227:14)
    Test.run (node:internal/test_runner/test:1382:25)
    Test.processPendingSubtests (node:internal/test_runner/test:960:18)
    Test.postRun (node:internal/test_runner/test:1522:19)
    Test.run (node:internal/test_runner/test:1447:12)
    async startSubtestAfterBootstrap (node:internal/test_runner/harness:387:3)
  ...
# Subtest: R006 R028 R059: actual full manual preserves trigger, cancellation, expiry and recheck separately
not ok 3 - R006 R028 R059: actual full manual preserves trigger, cancellation, expiry and recheck separately
  ---
  duration_ms: 2.581368
  type: 'test'
  location: '/workspace/scratch/814011e8af98/work/release/final-reconciliation/tests/surface-invariants.test.mjs:18:1'
  failureType: 'testCodeFailure'
  error: |-
    The input did not match the regular expression /РАННИЕ КАНДИДАТЫ ДО ДВИЖЕНИЯ/. Input:
    
    'МОЙ ОТЧЁТ 2\n' +
      'Снимок рынка: 2026-09-27T07:01:36.608Z\n' +
      '\n' +
      'Состояние: ждём условие входа\n' +
      'Направление: покупка\n' +
      'Общая оценка: 72 из 100\n' +
      'Монета интересна: 73 из 100\n' +
      'Условие входа: price >= 1.15.\n' +
      'Следующая проверка: 2026-09-27T07:06:36.608Z.\n' +
      'Hyperliquid FIL, снимок 10:01 МСК; ограниченная выборка.\n' +
      'Hyperliquid FIL — выше: 5,432369756 USDC (+376%); 631160 USDC; кросс-маржа, 12,15828956 USDC (+965,3%); 686260 USDC; кросс-маржа.\n' +
      'Hyperliquid FIL — ниже: 0,9017706074 USDC (-21%); 475120 USDC.\n' +
      'Это уровни указанных площадок из ограниченной выборки; как цели на HTX отдельно не подтверждены.'
    
  code: 'ERR_ASSERTION'
  name: 'AssertionError'
  expected:
  actual: |-
    МОЙ ОТЧЁТ 2
    Снимок рынка: 2026-09-27T07:01:36.608Z
    
    Состояние: ждём условие входа
    Направление: покупка
    Общая оценка: 72 из 100
    Монета интересна: 73 из 100
    Условие входа: price >= 1.15.
    Следующая проверка: 2026-09-27T07:06:36.608Z.
    Hyperliquid FIL, снимок 10:01 МСК; ограниченная выборка.
    Hyperliquid FIL — выше: 5,432369756 USDC (+376%); 631160 USDC; кросс-маржа, 12,15828956 USDC (+965,3%); 686260 USDC; кросс-маржа.
    Hyperliquid FIL — ниже: 0,9017706074 USDC (-21%); 475120 USDC.
    Это уровни указанных площадок из ограниченной выборки; как цели на HTX отдельно не подтверждены.
  operator: 'match'
  stack: |-
    TestContext.<anonymous> (file:///workspace/scratch/814011e8af98/work/release/final-reconciliation/tests/surface-invariants.test.mjs:20:9)
    Test.runInAsyncScope (node:async_hooks:227:14)
    Test.run (node:internal/test_runner/test:1382:25)
    Test.processPendingSubtests (node:internal/test_runner/test:960:18)
    Test.postRun (node:internal/test_runner/test:1522:19)
    Test.run (node:internal/test_runner/test:1447:12)
    async Test.processPendingSubtests (node:internal/test_runner/test:960:7)
  ...
# Subtest: R023: oversize WAIT is rejected without removing risk or silently expanding 850 limit
not ok 4 - R023: oversize WAIT is rejected without removing risk or silently expanding 850 limit
  ---
  duration_ms: 2.171569
  type: 'test'
  location: '/workspace/scratch/814011e8af98/work/release/final-reconciliation/tests/surface-invariants.test.mjs:24:1'
  failureType: 'testCodeFailure'
  error: |-
    Expected values to be strictly equal:
    
    true !== false
    
  code: 'ERR_ASSERTION'
  name: 'AssertionError'
  expected: false
  actual: true
  operator: 'strictEqual'
  stack: |-
    TestContext.<anonymous> (file:///workspace/scratch/814011e8af98/work/release/final-reconciliation/tests/surface-invariants.test.mjs:27:9)
    Test.runInAsyncScope (node:async_hooks:227:14)
    Test.run (node:internal/test_runner/test:1382:25)
    Test.processPendingSubtests (node:internal/test_runner/test:960:18)
    Test.postRun (node:internal/test_runner/test:1522:19)
    Test.run (node:internal/test_runner/test:1447:12)
    async Test.processPendingSubtests (node:internal/test_runner/test:960:7)
  ...
# Subtest: R022: oversize ENTRY is rejected at 1100 without deleting cancellation
not ok 5 - R022: oversize ENTRY is rejected at 1100 without deleting cancellation
  ---
  duration_ms: 1.836813
  type: 'test'
  location: '/workspace/scratch/814011e8af98/work/release/final-reconciliation/tests/surface-invariants.test.mjs:29:1'
  failureType: 'testCodeFailure'
  error: |-
    Expected values to be strictly equal:
    
    true !== false
    
  code: 'ERR_ASSERTION'
  name: 'AssertionError'
  expected: false
  actual: true
  operator: 'strictEqual'
  stack: |-
    TestContext.<anonymous> (file:///workspace/scratch/814011e8af98/work/release/final-reconciliation/tests/surface-invariants.test.mjs:31:84)
    Test.runInAsyncScope (node:async_hooks:227:14)
    Test.run (node:internal/test_runner/test:1382:25)
    Test.processPendingSubtests (node:internal/test_runner/test:960:18)
    Test.postRun (node:internal/test_runner/test:1522:19)
    Test.run (node:internal/test_runner/test:1447:12)
    async Test.processPendingSubtests (node:internal/test_runner/test:960:7)
  ...
# Subtest: R019: OI window and units have Russian presentation
not ok 6 - R019: OI window and units have Russian presentation
  ---
  duration_ms: 2.291414
  type: 'test'
  location: '/workspace/scratch/814011e8af98/work/release/final-reconciliation/tests/surface-invariants.test.mjs:33:1'
  failureType: 'testCodeFailure'
  error: |-
    The input did not match the regular expression /за 1 ч/. Input:
    
    'FIL\n' +
      '🟢 ПОКУПКА\n' +
      '⚪️ РАННЕЕ НАБЛЮДЕНИЕ\n' +
      'Общая оценка: 72 из 100\n' +
      'Монета интересна: 73 из 100\n' +
      'Готовность ко входу: сильный ранний сценарий, вход ещё не подтверждён\n' +
      '• Открытый интерес HTX: -2,39% за 1h; CONTRACTS, окно 27.09 09:01–27.09 10:01 МСК.\n' +
      'Рабочая зона наблюдения: 1,10–1,15 USDT. Это ещё не точка входа.\n' +
      'Контрольный уровень приближения: 1,15 USDT. После его достижения система заново проверит свежий рынок и все обязательные условия.\n' +
      'Отмена сценария: цена ниже 1,05 USDT.\n' +
      'Сценарий действителен до: 27.09 10:31 МСК.\n' +
      'Следующая автоматическая проверка: 27.09 10:06 МСК.\n' +
      'Ликвидации: пригодные projected-зоны для этого снимка не подтверждены.\n' +
      'Снимок рынка: 27.09 10:01 МСК.'
    
  code: 'ERR_ASSERTION'
  name: 'AssertionError'
  expected:
  actual: |-
    FIL
    🟢 ПОКУПКА
    ⚪️ РАННЕЕ НАБЛЮДЕНИЕ
    Общая оценка: 72 из 100
    Монета интересна: 73 из 100
    Готовность ко входу: сильный ранний сценарий, вход ещё не подтверждён
    • Открытый интерес HTX: -2,39% за 1h; CONTRACTS, окно 27.09 09:01–27.09 10:01 МСК.
    Рабочая зона наблюдения: 1,10–1,15 USDT. Это ещё не точка входа.
    Контрольный уровень приближения: 1,15 USDT. После его достижения система заново проверит свежий рынок и все обязательные условия.
    Отмена сценария: цена ниже 1,05 USDT.
    Сценарий действителен до: 27.09 10:31 МСК.
    Следующая автоматическая проверка: 27.09 10:06 МСК.
    Ликвидации: пригодные projected-зоны для этого снимка не подтверждены.
    Снимок рынка: 27.09 10:01 МСК.
  operator: 'match'
  stack: |-
    TestContext.<anonymous> (file:///workspace/scratch/814011e8af98/work/release/final-reconciliation/tests/surface-invariants.test.mjs:35:110)
    Test.runInAsyncScope (node:async_hooks:227:14)
    Test.run (node:internal/test_runner/test:1382:25)
    Test.processPendingSubtests (node:internal/test_runner/test:960:18)
    Test.postRun (node:internal/test_runner/test:1522:19)
    Test.run (node:internal/test_runner/test:1447:12)
    async Test.processPendingSubtests (node:internal/test_runner/test:960:7)
  ...
# Subtest: R059: direction must be correct in each presentation, never only the concatenation
not ok 7 - R059: direction must be correct in each presentation, never only the concatenation
  ---
  duration_ms: 2.159672
  type: 'test'
  location: '/workspace/scratch/814011e8af98/work/release/final-reconciliation/tests/surface-invariants.test.mjs:37:1'
  failureType: 'testCodeFailure'
  error: |-
    Expected values to be strictly equal:
    + actual - expected
    
    + 'CLOSED'
    - 'NOT_CLOSED'
    
  code: 'ERR_ASSERTION'
  name: 'AssertionError'
  expected: 'NOT_CLOSED'
  actual: 'CLOSED'
  operator: 'strictEqual'
  stack: |-
    TestContext.<anonymous> (file:///workspace/scratch/814011e8af98/work/release/final-reconciliation/tests/surface-invariants.test.mjs:39:9)
    Test.runInAsyncScope (node:async_hooks:227:14)
    Test.run (node:internal/test_runner/test:1382:25)
    Test.processPendingSubtests (node:internal/test_runner/test:960:18)
    Test.postRun (node:internal/test_runner/test:1522:19)
    Test.run (node:internal/test_runner/test:1447:12)
    async Test.processPendingSubtests (node:internal/test_runner/test:960:7)
  ...
# Subtest: R059: a changed cancellation cannot pass just because scores and direction match
not ok 8 - R059: a changed cancellation cannot pass just because scores and direction match
  ---
  duration_ms: 2.125294
  type: 'test'
  location: '/workspace/scratch/814011e8af98/work/release/final-reconciliation/tests/surface-invariants.test.mjs:41:1'
  failureType: 'testCodeFailure'
  error: |-
    Expected values to be strictly equal:
    + actual - expected
    
    + 'CLOSED'
    - 'NOT_CLOSED'
    
  code: 'ERR_ASSERTION'
  name: 'AssertionError'
  expected: 'NOT_CLOSED'
  actual: 'CLOSED'
  operator: 'strictEqual'
  stack: |-
    TestContext.<anonymous> (file:///workspace/scratch/814011e8af98/work/release/final-reconciliation/tests/surface-invariants.test.mjs:43:9)
    Test.runInAsyncScope (node:async_hooks:227:14)
    Test.run (node:internal/test_runner/test:1382:25)
    Test.processPendingSubtests (node:internal/test_runner/test:960:18)
    Test.postRun (node:internal/test_runner/test:1522:19)
    Test.run (node:internal/test_runner/test:1447:12)
    async Test.processPendingSubtests (node:internal/test_runner/test:960:7)
  ...
1..8
# tests 8
# suites 0
# pass 0
# fail 8
# cancelled 0
# skipped 0
# todo 0
# duration_ms 157.047259
