MY_REPORT_2_V3_R8_15_NODE24_READINESS_BEGIN
PACKAGE_ROOT=/home/runner/work/my-report-2-cloud-runner/my-report-2-cloud-runner/.r8-15/unpacked/MY_REPORT_2_V3_PREDEPLOY_READINESS_CANDIDATE_R8_15_20260918
OUT=/tmp/MY_REPORT_2_V3_R8_READINESS_20260918_155353
PACKAGE_CHECKSUMS=PASS
AUTHORITATIVE_ZIP_SHA=PASS
NODE24=PASS version=24.20.0 mode=native
BASE_WORKER_SHA=PASS
CANDIDATE_WORKER_SHA=PASS sha=7a3c73770e516db9e7ef17ca3e582947769c0fa3f8cb2814e915ee0303695a83
NODE24_SYNTAX=PASS
V3_NODE24_TESTS=PASS
V3_PYTHON_TESTS=PASS
INHERITED_NODE24_CORE=PASS
BUILDER_TOTALITY_NODE24=PASS
INHERITED_PYTHON_CORE=PASS
EXACT_RUNNER_PATCH_DRY_RUN=NOT_RUN_REPO_NOT_FOUND
R8_15_CLUSTER_STATE_BURST_CAP=32
V3_REALIZED_LIQUIDATION_COMPACT_PERSISTENCE=WIRED_SHADOW
V3_MARKET_MICROSTRUCTURE_PRODUCTION_WRITER=CLOSED_LIVE_PUBLIC_WS_TO_D1_READBACK_R8_11
V3_TELEGRAM_JOURNAL=PATCH_READY_ENABLED_IN_INITIAL_R8_WORKFLOW
V3_TELEGRAM_NETWORK_SEND=DISABLED_PENDING_NATURAL_PROOF
V3_TELEGRAM_DELIVERY_SIDECAR=LATENT_TESTED_FAIL_CLOSED
V3_ENDURANCE_PROBE=BOUNDED_PASS_CONTINUOUS_STATUS_PARTIAL_REALTIME_COVERAGE_R8_11
REMOTE_D1_MIGRATIONS=NOT_RUN
DEPLOY_PERFORMED=NO
PRODUCTION_CHANGED=NO
REMOTE_D1_CHANGED=NO
FINAL_RESULT=READY_FOR_CONTROLLED_INTEGRATION_NOT_DEPLOYED
RESULT_FILE=/tmp/MY_REPORT_2_V3_R8_READINESS_20260918_155353/READINESS_RESULT.txt
