✔ additional native pageview context reaches consumer without replacing primary or assigning scores (15.175988ms)
✔ pageview route rejects wrapped, foreign native or ambiguous page bindings (0.968284ms)
✔ admitted one-request collector caches, retains exact timestamps and caps minute bursts (40.811294ms)
✔ 429 installs shared backoff and incomplete responses do not become zero views (3.847309ms)
✔ exact native network registry covers existing ADA plus BTC/ETH without ticker or wrapped bindings (1.217127ms)
✔ ETH-USDT actual consumer and canonical report remain direction and score neutral (30.973243ms)
✔ BTC-USDT actual consumer and canonical report remain direction and score neutral (4.568072ms)
✔ foreign contract, asset, page and URL cannot pass the assigned consumer (0.868569ms)
✔ missing duplicate stale future or bot days cannot become current pageview totals (0.745369ms)
✔ cache HIT retains source clocks and reports zero HTTP and no old reservation (29.799857ms)
✔ copied foreign cache cannot substitute an exact native asset (3.353398ms)
✔ negative observation clock and overflowing totals remain unclosed (0.348259ms)
ℹ tests 12
ℹ suites 0
ℹ pass 12
ℹ fail 0
ℹ cancelled 0
ℹ skipped 0
ℹ todo 0
ℹ duration_ms 206.082828
