✔ K23 internal scheduler skips do not penalize provider availability (1.177215ms)
✔ explicit provider quota failures are recorded without lowering source reliability (31.526684ms)
✔ configured 0xArchive participates in the same bounded liquidation rotation and returns report input (2.825103ms)
✔ a failed selected source falls through to another eligible source without inventing data (3.210997ms)
✔ durable per-asset coverage restricts runtime calls to admitted source ids (1.303876ms)
✔ an explicit empty durable coverage admission fails closed without source calls (0.374986ms)
✔ a score of 70 or higher reserves confirmation sources even on the cross-exchange turn (1.044563ms)
✔ ordinary candidates keep bounded rotation and unknown cross-exchange cost fails closed (0.164448ms)
✔ remaining candidate envelope skips costly lanes and still admits a fitting source (30.145003ms)
✔ new sources start equal and every source retains an exploration floor (2.736666ms)
✔ predictive accuracy cannot affect source weight without the explicit future statistical gate (1.939758ms)
✔ reliability moves gradually toward observed usability (0.290599ms)
✔ weighted lane choice is deterministic and exposes responsibilities (0.662162ms)
✔ exact native role outranks discovery and a high-availability projected bucket (0.667352ms)
✔ shared zero-request native snapshot is reused before expensive independent reads (0.268354ms)
✔ role statistics keep unsupported separate from transport success and deduplicate the same run (495.498651ms)
ℹ tests 16
ℹ suites 0
ℹ pass 16
ℹ fail 0
ℹ cancelled 0
ℹ skipped 0
ℹ todo 0
ℹ duration_ms 584.824653
