✔ additional native pageview context reaches consumer without replacing primary or assigning scores (14.969431ms)
✔ pageview route rejects wrapped, foreign native or ambiguous page bindings (0.755633ms)
✔ admitted one-request collector caches, retains exact timestamps and caps minute bursts (29.119612ms)
✔ 429 installs shared backoff and incomplete responses do not become zero views (2.86534ms)
✔ exact native network registry covers five verified pages without ticker or wrapped bindings (1.63194ms)
✔ ETH-USDT actual consumer and canonical report remain direction and score neutral (31.927626ms)
✔ BTC-USDT actual consumer and canonical report remain direction and score neutral (4.137642ms)
✔ SOL-USDT actual consumer and canonical report remain direction and score neutral (4.557361ms)
✔ DOGE-USDT actual consumer and canonical report remain direction and score neutral (2.511513ms)
✔ foreign contract, asset, page and URL cannot pass the assigned consumer (0.759029ms)
✔ missing duplicate stale future or bot days cannot become current pageview totals (0.520095ms)
✔ cache HIT retains source clocks and reports zero HTTP and no old reservation (22.23969ms)
✔ copied foreign cache cannot substitute an exact native asset (3.319322ms)
✔ negative observation clock and overflowing totals remain unclosed (0.528892ms)
ℹ tests 14
ℹ suites 0
ℹ pass 14
ℹ fail 0
ℹ cancelled 0
ℹ skipped 0
ℹ todo 0
ℹ duration_ms 203.704762
