✔ automatic search admission is generic over the verified asset universe and grants no current market, level, entry or leader replacement claim (2.849515ms)
✔ the assembled report service discovers positions without any per-coin hint and both dynamically selected assets reach canonical reports in one3HTTP snapshot (176.644111ms)
✔ a current complete page with no selected asset yields no invented level and uses the saved continuation cursor without extra requests (97.954127ms)
✔ automatic search respects exact selected identities, smaller envelopes and durable quota/unknown ACK without transport, refund or fabricated result (0.775387ms)
✔ complete useful acquisition costs keep automatic native search ahead of catalog-only spending within the shared5HTTP report budget (42.191287ms)
✔ current verified empty native page is successful transport with no usable level; both selected assets retain exact original proof and one transport-health sample (136.028869ms)
✔ an empty status string or altered identity, source clock, chain, hash, bytes or receipt cannot close operational health (67.057758ms)
✔ a real native transport exception stays failed and cannot create an empty or successful source proof (0.68493ms)
✔ diagnostics bind one exact run and selected assets without mixing reports, creating coverage or refreshing source clocks (44.00101ms)
✔ HTX persistence exception retains failure stage and original captured clocks without leaking DB errors or manufacturing fresh N05 (3.016842ms)
✔ a durable admission exception also retains original clocks and a later report never rewrites its acquisition clock (2.41293ms)
{"status":"EXACT_ASSEMBLED_RAW_HISTORY_TRAJECTORY_PASS","fixture_only":true,"contract":"测试1000-USDT","window":"4h","verified_raw_count":240,"rejected_negative_cases":5,"source_http":0,"d1_requests":0,"MAIN":0,"TG":0,"live_flow_acceptance":false,"entry_rules_changed":false}
✔ current-generation/tests/raw-history-trajectory.runtime.mjs (158.452214ms)
✔ actual immutable saved 240 minutes reach N05 even when the current acquisition returns no complete source (48.770224ms)
✔ fresh cache receipt cannot legitimize stale, future, corrupt, incomplete or foreign immutable minutes (72.856139ms)
✔ a failed acquisition reports component clock failures without manufacturing a fact or requesting new sources (0.595496ms)
ℹ tests 15
ℹ suites 0
ℹ pass 15
ℹ fail 0
ℹ cancelled 0
ℹ skipped 0
ℹ todo 0
ℹ duration_ms 500.570877
