✔ real UNI snapshot units remain readable without exposing internal terms (2.331536ms)
✔ snapshot units do not disable either existing report formatter (2.894101ms)
✔ actual immutable BOME has one conditional cross-account price at2070%, not a market cluster (0.775425ms)
✔ new presentation removes2070% from both reports without erasing data or changing entry, score or target (35.206049ms)
✔ original historical SENT155 bytes and acceptance hash remain reproducible (10.553595ms)
✔ one current-range native position is labelled an account threshold, never a strong market cluster (0.568003ms)
✔ filter precedes volume ranking so a remote whale cannot suppress a nearer valid level (0.191511ms)
✔ distance mismatch or missing original source reference cannot make a remote price eligible (0.159964ms)
✔ merge boundary never imports an out-of-range component or sums overlapping positions (0.132585ms)
✔ both sides and calculated source models keep distance policy and honest labels (0.463621ms)
✔ native supplemental manual path cannot leak the omitted original far level (0.813269ms)
✔ new snapshot cutoff applies automatically while original policy remains historical (0.226324ms)
✔ close prices cannot merge different clocks, references, units or calculation methods (1.285107ms)
✔ actual saved Lighter close ZEC thresholds from different account responses remain two honest untimed positions (37.164909ms)
✔ 5% relative-price merge shows original farthest price, distance and amount without mutating raw map (1.723624ms)
✔ merge below selects lower original price; no transitive chaining, side, quote, asset or source-age mixing (0.49661ms)
✔ additional source collection admission does not inflate accepted coverage or independent votes (2.409527ms)
✔ gTrade variable clock cannot become position snapshot clock; receipt-only estimate is labelled and never scored as a fresh map (15.298168ms)
✔ gTrade exact crypto routing rejects ticker collisions with stocks and ambiguous native markets (0.259191ms)
ℹ tests 19
ℹ suites 0
ℹ pass 19
ℹ fail 0
ℹ cancelled 0
ℹ skipped 0
ℹ todo 0
ℹ duration_ms 160.12109
