✔ actual assembled runner passes the exact lease_started_ts and charges one scheduled attempt before analysis (186.852441ms)
✔ foreign scheduler owner or missing original lease cannot charge or launch a competing scheduled analysis (1.065447ms)
✔ production retained-history adapter accepts empty NOT_DUE trigger admission without source requests (261.868674ms)
✔ production retained-history adapter separates mutable JSON selection from exact canonical restoration (20.686358ms)
✔ retained history JSON SQL guard still rejects the original mixed query and unsafe canonical parsing (0.760925ms)
✔ original SENT155 has a reachable analysis window before the original30-minute TTL (8.816496ms)
✔ receipt cannot authorize entry, execution or invented settlement (22.053333ms)
✔ changed identity, canonical payload, absent SENT id and stale future receipts cannot enter the burst lane (46.670588ms)
✔ price below trigger, cancellation, expiration and exact expiry are rejected (28.218143ms)
✔ SHORT uses its own threshold and cancellation without reversing native conditions (20.288793ms)
✔ exact SENT trigger admits one candidate without consuming or renewing ordinary cadence (10.398718ms)
✔ the actual runner NOT_DUE branch continues into a fresh exact full recheck and preserves the regular clock (17.754065ms)
✔ all72 possible admission ledgers still fit the unchanged daily D1 allowance (0.155577ms)
✔ duplicate attempts and concurrent executors cannot charge or launch a fourth daily burst (36.966795ms)
✔ unsent or foreign-wave lifecycle cannot admit full analysis (13.906834ms)
✔ a foreign actor and exhausted D1 budget create no admission tables or source calls (0.668385ms)
✔ targeted scheduler selects the admitted task even when an older waiting task exists (13.285231ms)
✔ cancellation or expiry between admission and worker claim never falls back to another coin (37.085195ms)
✔ the effective deep planner rechecks the exact contract inside the30-minute cooldown at one slot (2.352311ms)
ℹ tests 19
ℹ suites 0
ℹ pass 19
ℹ fail 0
ℹ cancelled 0
ℹ skipped 0
ℹ todo 0
ℹ duration_ms 627.59314
