✔ paused N01 cannot add, subtract, penalize absence or redistribute remaining weights (2.38543ms)
✔ no native calendar routes are planned, and explicit calendar dispatch cannot spend HTTP (0.718461ms)
✔ cached, externally supplied and formerly rendered N01 rows stay excluded (1.378485ms)
✔ paused N01 is not a missing requirement or an active denominator (0.876449ms)
✔ N01/N02/N03 are inactive and cannot score either direction or claim the physical root (2.891463ms)
✔ sole supply/calendar routes are blocked while a shared source preserves active N04 evidence (0.901997ms)
✔ manual and Telegram exclude paused facts, including previously stored facts, on the same retained snapshot (30.323905ms)
✔ exact stored manual hash is verified before paused facts are suppressed, without rewriting the archive (1.931918ms)
✔ all supply-only routes reject explicit non-XRP dispatch before admission, including manual overrides (0.292601ms)
✔ actual retained API and exact HTX native binding produce two internal month-end projections, not a matched N01 release (16.526056ms)
✔ existing generic candidate route and collector dispatch include the exact native asset (16.876288ms)
✔ rejects foreign exact binding or clock {"contract":"SUI-USD"} (0.146551ms)
✔ rejects foreign exact binding or clock {"asset_identity":{"chain":"ethereum","asset_kind":"NATIVE","native_asset_id":"sui:mainnet","contract_or_mint":null}} (0.064948ms)
✔ rejects foreign exact binding or clock {"asset_identity":{"chain":"sui","asset_kind":"TOKEN","native_asset_id":"sui:mainnet","contract_or_mint":null}} (0.088594ms)
✔ rejects foreign exact binding or clock {"asset_identity":{"chain":"sui","asset_kind":"NATIVE","native_asset_id":"wrong","contract_or_mint":null}} (0.057476ms)
✔ rejects foreign exact binding or clock {"asset_identity":{"chain":"sui","asset_kind":"NATIVE","native_asset_id":"sui:mainnet","contract_or_mint":"0x1111111111111111111111111111111111111111"}} (0.042014ms)
✔ rejects foreign exact binding or clock {"source_url":"https://evil.example/sui"} (0.062614ms)
✔ rejects foreign exact binding or clock {"observed_ts":1791501784800.5} (0.096826ms)
✔ rejects whole-series duplicate month (0.386001ms)
✔ rejects whole-series missing month (0.167672ms)
✔ rejects whole-series descending supply (0.160602ms)
✔ rejects whole-series wrong fraction (0.1194ms)
✔ rejects whole-series above fixed maximum (0.147923ms)
✔ rejects whole-series string unit (0.160502ms)
✔ rejects whole-series invalid month (0.118478ms)
✔ each altered consumer field is rejected and expired query clock is not renewed (0.460493ms)
✔ past schedule is not a future event and monthly boundary remains a period (0.377589ms)
✔ valid cache preserves original inner clock, costs zero provider HTTP and cannot use an outer expiry extension (2.143286ms)
✔ source cap stops a fifth fresh attempt without retries or provider calls (2.070356ms)
ℹ tests 29
ℹ suites 0
ℹ pass 29
ℹ fail 0
ℹ cancelled 0
ℹ skipped 0
ℹ todo 0
ℹ duration_ms 131.118442
