✔ Original source post time is required even if AppView indexedAt is current (2.89429ms)
✔ Full exact bounded UTC window is required before it can warm history (0.628661ms)
✔ Exact token or mint match cannot be a substring of another address (1.527579ms)
✔ Rejected matching post clock does not create a zero-author historical window or current cache (10.77114ms)
✔ Empty verified bounded sample stays zero and warming instead of claiming market absence (1.950077ms)
✔ Solana case-sensitive mint keys do not share another exact asset cache (2.845337ms)
✔ Same version cache hit uses zero new HTTP/admission and retains original evidence clocks (2.11267ms)
✔ Old access-denial global backoff persists across new valid-data cache version (1.161485ms)
✔ K16 Bluesky counts unique exact-address authors and deduplicates posts (2.909885ms)
✔ K16 Bluesky remains warming before thirty windows over seven days (0.283111ms)
✔ K16 Bluesky rejects ticker matching, falls back to the exact HTX pair and preserves Solana case (2.028267ms)
✔ general HTX market attention is Unicode-safe and never confuses BR with BOHR (37.74377ms)
✔ native attention uses one verified official domain and never ticker matching (3.31177ms)
✔ K16 Bluesky access denial is not misclassified as an empty valid sample (0.159759ms)
✔ K31 Bluesky HTTP 200 malformed JSON is invalid and is not stored as zero authors (1.93872ms)
✔ K31 Bluesky uses the working public AppView host (1.49601ms)
ℹ tests 16
ℹ suites 0
ℹ pass 16
ℹ fail 0
ℹ cancelled 0
ℹ skipped 0
ℹ todo 0
ℹ duration_ms 130.865884
