✔ LONG: crossing the price never confirms entry, cancellation has priority (5.558611ms)
✔ SHORT: crossing the price never confirms entry, cancellation has priority (0.427139ms)
✔ missing/old/future clocks, wrong contract, unsupported conditions remain unconfirmed (0.901314ms)
✔ reached trigger survives later waiting, unavailable price and original expiry without current authority (125.453403ms)
✔ foreign, corrupt or future previous checks cannot enter exact task history (21.347255ms)
✔ analytics expiry and lease recovery preserve receipts; historical crossing cannot claim a current deep check (5.695467ms)
✔ LONG: exact SENT task gets a durable price receipt, repeats next slot, never becomes full DONE (5.887866ms)
✔ SHORT: exact SENT task gets a durable price receipt, repeats next slot, never becomes full DONE (5.356283ms)
✔ cancellation is durable; expired checks do not extend original TTL (6.354709ms)
✔ non-SENT/invalid id, corrupt fingerprint, wrong tuple or superseded lifecycle cannot be accepted (12.070062ms)
✔ CAS race does not invent a persisted price check, task claiming stays with analytics (4.8413ms)
REPORT2_AUTOMATIC_RETENTION {"cutoff":1791026700000,"deleted":0,"rows_written":0,"db_bytes":null,"storage_warning":false,"history_tables_touched":false}
✔ two-per-slot bound rotates pending tasks without starvation (7.784371ms)
REPORT2_LIGHT_PRICE_RECHECK {"status":"CLOSED","selected":1,"checked":1,"rows_read":2,"rows_written":1,"results":[{"schema":"LIGHT_PRICE_RECHECK_V1","scope":"PRICE_AND_CANCELLATION_ONLY","checked_ts":1791286186589,"entry_authorized":false,"full_analysis_completed":false,"status":"WAITING_FOR_PRICE","price":0.28,"source_ts":1791286186589,"observed_ts":1791286186589,"source":"HTX_OFFICIAL_COLLECTOR","settlement_confirmed":false,"last_bucket":1791285900000,"task_id":"TASK","publication_id":"PUB:TASK","run_id":"CONTROLLED_RUN","snapshot_id":"CONTROLLED_SNAPSHOT","analytical_fingerprint":"fff1b5cf571ffb8abcf49de1b3dca43b2191a1c32c389e4c30f34d64152b02e5","telegram_message_id":"9001"}],"entry_authorized":false,"source_http":0,"telegram":false}
REPORT2_PUBLIC_COLLECTOR_CLOSED {"version":"report2-public-collector-v9-retained-price-checks-20261009","generation":"MY_REPORT_2_CURRENT_20260928_CANONICAL_RUNTIME_V12_CONTRACT_INTEGRITY_20M","bucket":1791285900000,"contracts":1,"shards":1,"external_requests":4,"rows_read":6,"rows_written":5,"payload_bytes":274,"wall_ms":0,"analytical_decision":false,"telegram":false,"bykaranteli":false}
✔ full collector combines original public pack with a price check using only its original four requests (43.762153ms)
✔ original SENT150 immutable clocks and trigger accept a controlled closed 5m close without authorizing ENTRY (17.607093ms)
✔ touch by wick, open candle and a close below trigger never settle (19.438527ms)
✔ candle before original idea, wrong contract and wrong timeframe are rejected (17.696401ms)
✔ future source clock, stale source and conflicting primary OHLC cannot settle (34.107939ms)
✔ original cancellation precedes settlement and exact original expiry rejects entry (30.653151ms)
✔ five consecutive closed minute bars qualify a 5m candle with no source request (7.17941ms)
✔ missing, duplicated and malformed minute bars never become five closed candles (0.706391ms)
✔ full analysis still observing, waiting or refused keeps the original task pending (92.333802ms)
✔ fresh same idea and settled trigger are both required for DONE (67.038807ms)
✔ opposite direction, stale new analysis and expired original idea cannot confirm entry (82.879194ms)
✔ SQLite completion retains old collector clock, original publication, deadline and one task after OBSERVE (28.992602ms)
✔ SQLite completion cannot finish a task without saved fresh same-direction publication (49.056132ms)
✔ lost lease and exact expiry cannot produce DONE (19.620046ms)
✔ terminal original TTL produces one bound cancellation queue and never revives an idea (17.572389ms)
✔ terminal notification needs a confirmed prior SENT and cannot supersede ENTRY (2.582217ms)
✔ ambiguous timeout, network error or missing Telegram id never auto-resend a terminal (2.220591ms)
✔ positive Telegram acknowledgment records exactly one terminal SENT (0.695611ms)
✔ full analysis price cancellation retains primary source clock and queues the original notice (39.969891ms)
✔ exact kicked task cannot admit another otherwise eligible SENT publication (97.435507ms)
✔ exact kicked task uses the original admission and unchanged new-analysis-only authority (38.531731ms)
✔ production retained-history adapter accepts empty NOT_DUE trigger admission without source requests (77.514321ms)
✔ production retained-history adapter separates mutable JSON selection from exact canonical restoration (29.757545ms)
✔ retained history JSON SQL guard still rejects the original mixed query and unsafe canonical parsing (1.084157ms)
✔ original SENT155 has a reachable analysis window before the original30-minute TTL (14.874195ms)
✔ receipt cannot authorize entry, execution or invented settlement (33.1245ms)
✔ changed identity, canonical payload, absent SENT id and stale future receipts cannot enter the burst lane (89.463527ms)
✔ price below trigger, cancellation, expiration and exact expiry are rejected (49.273549ms)
✔ SHORT uses its own threshold and cancellation without reversing native conditions (33.32333ms)
✔ exact SENT trigger admits one candidate without consuming or renewing ordinary cadence (13.668801ms)
✔ the actual runner NOT_DUE branch continues into a fresh exact full recheck and preserves the regular clock (30.260327ms)
✔ the actual exact-kick runner bypasses only the regular cadence claim and preserves its clock (30.511735ms)
✔ all72 possible admission ledgers still fit the unchanged daily D1 allowance (0.144971ms)
✔ duplicate attempts and concurrent executors cannot charge or launch a fourth daily burst (63.987572ms)
✔ unsent or foreign-wave lifecycle cannot admit full analysis (21.734077ms)
✔ a foreign actor and exhausted D1 budget create no admission tables or source calls (0.512919ms)
✔ targeted scheduler selects the admitted task even when an older waiting task exists (20.099183ms)
✔ cancellation or expiry between admission and worker claim never falls back to another coin (54.885238ms)
✔ the effective deep planner rechecks the exact contract inside the30-minute cooldown at one slot (2.933013ms)
✔ an expired prior analytical context cannot shorten the exact SENT task window for a new full analysis (15.306983ms)
✔ original task expiry and changed lifecycle still reject analysis even when the prior context has expired (19.511302ms)
✔ original SENT159 canonical and retained reached price reproduce the old clock veto; SENT160 unreached price stays blocked (65.713971ms)
ℹ tests 54
ℹ suites 0
ℹ pass 54
ℹ fail 0
ℹ cancelled 0
ℹ skipped 0
ℹ todo 0
ℹ duration_ms 962.325264
