✔ real UNI snapshot units remain readable without exposing internal terms (3.539626ms)
✔ snapshot units do not disable either existing report formatter (4.067513ms)
✔ actual immutable BOME has one conditional cross-account price at2070%, not a market cluster (1.419894ms)
✔ new presentation removes2070% from both reports without erasing data or changing entry, score or target (50.901001ms)
✔ original historical SENT155 bytes and acceptance hash remain reproducible (11.286498ms)
✔ one current-range native position is labelled an account threshold, never a strong market cluster (0.626321ms)
✔ filter precedes volume ranking so a remote whale cannot suppress a nearer valid level (0.217737ms)
✔ distance mismatch or missing original source reference cannot make a remote price eligible (0.242082ms)
✔ merge boundary never imports an out-of-range component or sums overlapping positions (0.237032ms)
✔ both sides and calculated source models keep distance policy and honest labels (0.426217ms)
✔ native supplemental manual path cannot leak the omitted original far level (1.066233ms)
✔ new snapshot cutoff applies automatically while original policy remains historical (0.323976ms)
✔ manual run summary omits the exact original remote threshold under the new policy (4.150028ms)
✔ standalone native source display applies the same policy and retains a nearer original price (1.002103ms)
✔ compact legacy caller cannot bypass relevance selection (1.255838ms)
✔ realized prices cannot become future thresholds through a legacy presentation fallback (0.308647ms)
✔ provider model supplement cannot reintroduce a rejected remote level before volume ranking (0.496979ms)
✔ close prices cannot merge different clocks, references, units or calculation methods (3.541791ms)
✔ actual saved Lighter close ZEC thresholds from different account responses remain two honest untimed positions (66.850235ms)
✔ 5% relative-price merge shows original farthest price, distance and amount without mutating raw map (2.484454ms)
✔ merge below selects lower original price; no transitive chaining, side, quote, asset or source-age mixing (0.820584ms)
✔ additional source collection admission does not inflate accepted coverage or independent votes (3.1132ms)
✔ gTrade variable clock cannot become position snapshot clock; receipt-only estimate is labelled and never scored as a fresh map (25.341462ms)
✔ gTrade exact crypto routing rejects ticker collisions with stocks and ambiguous native markets (0.414675ms)
ℹ tests 24
ℹ suites 0
ℹ pass 24
ℹ fail 0
ℹ cancelled 0
ℹ skipped 0
ℹ todo 0
ℹ duration_ms 253.41706
