✔ source HTTP164 cap is shared across bootstrap and continuous cycles; failed attempts are charged before transport (8.981238ms)
✔ whole-job source envelope ends the current worker before an unsafe additional collection (24.161559ms)
✔ source budget is persisted within the same cloud job and injected only into the exact original collector (0.460402ms)
✔ current main code guard permits documentation-only commits but rejects changed production code (2.492125ms)
✔ missing auth, incomplete tree, malformed ref and transport failure stop before source or database work (0.749551ms)
✔ an exact live kick immediately dispatches only the gated main workflow and cannot authorize entry (0.354726ms)
✔ expired, future, malformed, missing-token and entry-authorized hints never dispatch (0.228348ms)
✔ failed dispatch keeps the durable consumed kick and never invents an accepted workflow (0.233636ms)
✔ one cloud worker checks each five-minute slot without depending on new scheduled job starts (0.387305ms)
✔ current code changes or unclosed source guard stop the old worker before the next cycle (0.328728ms)
✔ a failed slot does not reset budgets and the next original slot may recover (0.248679ms)
✔ one-shot bootstrap stays bounded and worker windows cannot exceed five hours (0.278743ms)
✔ public standard runner, initial immutable receipt, bounded job and no delayed end-of-job dispatch are wired (0.211103ms)
✔ backup loads the same bounded collector tail as the deployed primary (1.703946ms)
✔ backup skips a completed primary without contacting public APIs (0.414184ms)
✔ a completed primary is inspected at the first minute without waiting until the third minute (0.196601ms)
✔ primary completion during the bounded wait is read back before a backup attempt (0.281617ms)
✔ backup reclaims only the same live slot after the primary lease expires (0.29723ms)
✔ backup refuses expired and overlong leases (0.215179ms)
✔ actual workflow gate admits only enabled exact trigger jobs and uses scheduled integrity instead of broad manual replay (11.740715ms)
✔ retained CT price crossed inside original window; controlled early wake-up works and delayed cron remains expired (9.743663ms)
✔ all polls and additional admission reservations fit original caps without extra full-analysis slots (0.175641ms)
✔ stale cannot wake analysis (0.758315ms)
✔ future cannot wake analysis (0.623034ms)
✔ wrong task cannot wake analysis (0.460783ms)
✔ wrong publication cannot wake analysis (0.594923ms)
✔ wrong run cannot wake analysis (0.730303ms)
✔ wrong snapshot cannot wake analysis (0.605579ms)
✔ invalid SENT id cannot wake analysis (0.804894ms)
✔ wrong fingerprint cannot wake analysis (0.617426ms)
✔ waiting cannot wake analysis (0.447283ms)
✔ entry authorization cannot wake analysis (0.464669ms)
✔ claimed completion cannot wake analysis (0.571067ms)
✔ cancelled cannot wake analysis (0.571197ms)
✔ original expiration and claimed tasks cannot be revived (1.127772ms)
✔ same task and bucket are idempotent, next original bucket cannot duplicate a kick (0.745225ms)
✔ three durable kicks exhaust the day; failed/racing dispatches do not refund slots (0.797613ms)
✔ 288 original polls are a durable daily ceiling even if an extra job is invoked (0.494593ms)
✔ missing trigger index, failed exact ACK, race and unknown D1 costs never dispatch (2.160154ms)
✔ SQL uses the partial trigger index and LIMIT2 before any growing scan; only kick tables change (14.799596ms)
✔ workflow wake-up is internal scheduled mode, exact task only, preserves normal cron and disables manual queue (0.871352ms)
ℹ tests 41
ℹ suites 0
ℹ pass 41
ℹ fail 0
ℹ cancelled 0
ℹ skipped 0
ℹ todo 0
ℹ duration_ms 123.176772
