✔ actual retained raw fills at original clock survive an optional write failure; old assembled source loses the same complete window (159.595549ms)
✔ readback failure preserves verified same-run raw data while durable acceptance remains failed (22.650359ms)
✔ successful durable path has identical evidence and no extra SQL versus old source (30.325426ms)
✔ missing exact minute, altered counters, stale source and admission denial never create current verified flow (24.263671ms)
✔ retaining same-run memory never renews original freshness or authorizes entry (20.918584ms)
✔ same-run N05 source and assembled canonical remain equal to successful storage despite write failure (113.319229ms)
✔ fallback budget denial and exception are retained without D1, transport, fabricated clock or fact (2.092657ms)
✔ one failed admitted cache read preserves its stage and safe code through the N05 consumer (5.119994ms)
✔ missing row and damaged compressed storage are distinguished, without writes or new tables (1.491618ms)
✔ real retained 240-minute window retains all facts after an optional read fails and assembled canonical decision is identical (124.834372ms)
✔ future diagnostic or unsafe error code is refused without exporting its message (0.683343ms)
✔ large complete raw transport survives durable bound and reaches exact N05 with unchanged fills and clocks (493.426389ms)
✔ retained actual saved ring keeps its original exact N05 evidence under the storage codec (12.087419ms)
✔ corrupt compressed bytes, hashes, identity, lengths and oversized inflation never become a ring (167.607734ms)
✔ storage success does not close incomplete, stale, future, conflicting or corrupt original minute data (356.469827ms)
✔ DB denial still prevents persistence and codec does not raise the physical storage cap (76.443551ms)
✔ growing deferred history trims whole old minutes without crowding out exact current four hours (1810.956912ms)
ℹ tests 17
ℹ suites 0
ℹ pass 17
ℹ fail 0
ℹ cancelled 0
ℹ skipped 0
ℹ todo 0
ℹ duration_ms 3074.232447
