✔ exact HTX native identity can close a capability check without inventing a fact, zero or green result (1.011244ms)
✔ versioned exact token binding can close missing routes while preserving missing-fact semantics (0.15741ms)
✔ an unattempted exact token primary cannot masquerade as a completed Nansen capability absence (0.2292ms)
✔ native assets account for unavailable exact routes while all useful market blocks remain independently required (1.351837ms)
✔ canonical future levels obey the durable per-asset source allowlist (10.34657ms)
✔ an admitted native source can pass real prices while provider estimates remain excluded (11.623357ms)
✔ stage0 persists only classified crypto futures and retains exclusions and unknowns in an explicit audit (1.771743ms)
✔ same genuine historical context retains historical V5 slots and full manual output (39.688609ms)
✔ unbound, changed, stale, foreign or future evidence cannot become approved Telegram facts (7.409194ms)
✔ compact formatter, missing payload or mismatched fingerprint do not prove approved Telegram use (6.290374ms)
✔ N07 requires an actual nonempty headline and shares exact dated facts with both report surfaces (5.229503ms)
✔ immutable BR/NEAR book facts reach approved Russian manual and Telegram forms from one canonical (17.663222ms)
✔ canonical execution facts cannot survive changed quantity, foreign snapshot or forged descriptive text (13.905176ms)
✔ exact assembled runtime canonical producer joins source facts without creating score, target or permission (29.671272ms)
ℹ tests 14
ℹ suites 0
ℹ pass 14
ℹ fail 0
ℹ cancelled 0
ℹ skipped 0
ℹ todo 0
ℹ duration_ms 190.384584
