✔ only individual raw minute/count matches persist; a bounded recent sample never proves 24 hours (4.044437ms)
✔ compensating minute count errors, unsafe IDs, stale and foreign metadata never green the tape (1.473301ms)
✔ changed complete minute and corrupt saved source bytes do not replace a verified ring (1.695125ms)
✔ only a complete 1440-minute ring with exact unique fills supplies a neutral signed fact to the report (40.115885ms)
✔ durable raw ring respects DB admission and readback without network requests or new tables (4.126611ms)
✔ injected corrupt acquisitions and duplicate saved minute keys are rejected before persistence (0.711883ms)
✔ the shared raw accumulator retains factual minutes older than 45 minutes already present in the same response (2.829485ms)
✔ validated immutable raw history extends the same contract sample; foreign, corrupt or conflicting fills never do (25.661675ms)
✔ saved history does not erase truncation or dropped-row provenance from the current transport (4.352782ms)
✔ persistence exceptions retain the exact admitted failure stage and source clocks without evidence, retry or extra writes (4.456448ms)
ℹ tests 10
ℹ suites 0
ℹ pass 10
ℹ fail 0
ℹ cancelled 0
ℹ skipped 0
ℹ todo 0
ℹ duration_ms 163.960309
