✔ actual producer timing receipt closes a measured target without invented timely field (5.999168ms)
✔ stale or future producer clocks and retrospective receipts cannot be overridden by legacy timely flag (0.551106ms)
✔ foreign, inverse, incomplete or inconsistent actual source windows reject measured targets (0.47883ms)
✔ original event and receipt expiry remain strict at decision time (0.298481ms)
✔ a bare five-percent wish is rejected without technical evidence (0.336763ms)
✔ measured candle range can prove more than five percent (0.323619ms)
✔ only a separately admitted fresh native liquidation level can prove a target (0.442963ms)
✔ calculated zone never becomes a decision target from generic confirmations (0.260089ms)
✔ the nearest favorable measured structure is used without a fixed percentage (0.373713ms)
✔ estimated or conditional account levels cannot override the target proof gate (0.456337ms)
ℹ tests 10
ℹ suites 0
ℹ pass 10
ℹ fail 0
ℹ cancelled 0
ℹ skipped 0
ℹ todo 0
ℹ duration_ms 86.971138
