✔ actual historical BTW flows, margin permission and bounded trades reach existing report layout without inventing score (42.507161ms)
✔ expired, foreign, future and corrupted sums cannot become report facts (3.89009ms)
✔ formatter failure and metadata alone never establish use; real block facts survive bounded display selection (12.739688ms)
✔ physical copies are counted once and contextual facts never vote on entry (2.973791ms)
✔ point supply, bounded zero attention and serial transfers provide small factual benefit with precise limits (3.578391ms)
✔ provider quota denial cannot hide the next useful official block (58.768485ms)
✔ HTX native chain identity survives supplemental parsing while an issued or wrapped Hedera asset does not become native (2.851788ms)
✔ primary tinybar strings retain integer precision, eight decimals and the original consensus nanosecond timestamp (1.13ms)
✔ unknown, future and expired clocks, wrong total or released units and numeric approximation fail closed (0.315544ms)
✔ the report recomputes the primary metric and renders neutral N02 without a supply-change, unlock, circulating or directional claim (22.071039ms)
✔ an already persisted Stellar cache overhang cannot keep an expired primary fact until the later receipt-based cache deadline (32.494394ms)
✔ one current native source request also reserves the existing parent budget, and cached evidence has zero new HTTP with unchanged original clocks (3.310589ms)
✔ published data expiring before its query receipt refreshes after the original expiry, while provider failure and parent denial never create evidence (6.050439ms)
✔ actual retained API and exact HTX native binding produce two month-end projections and one neutral N01 fact (38.320235ms)
✔ existing generic candidate route and collector dispatch include the exact native asset (25.415689ms)
✔ rejects foreign exact binding or clock {"contract":"SUI-USD"} (0.184177ms)
✔ rejects foreign exact binding or clock {"asset_identity":{"chain":"ethereum","asset_kind":"NATIVE","native_asset_id":"sui:mainnet","contract_or_mint":null}} (0.106781ms)
✔ rejects foreign exact binding or clock {"asset_identity":{"chain":"sui","asset_kind":"TOKEN","native_asset_id":"sui:mainnet","contract_or_mint":null}} (0.180061ms)
✔ rejects foreign exact binding or clock {"asset_identity":{"chain":"sui","asset_kind":"NATIVE","native_asset_id":"wrong","contract_or_mint":null}} (0.104487ms)
✔ rejects foreign exact binding or clock {"asset_identity":{"chain":"sui","asset_kind":"NATIVE","native_asset_id":"sui:mainnet","contract_or_mint":"0x1111111111111111111111111111111111111111"}} (0.105929ms)
✔ rejects foreign exact binding or clock {"source_url":"https://evil.example/sui"} (0.143706ms)
✔ rejects foreign exact binding or clock {"observed_ts":1791501784800.5} (0.216305ms)
✔ rejects whole-series duplicate month (0.487293ms)
✔ rejects whole-series missing month (0.270667ms)
✔ rejects whole-series descending supply (0.240982ms)
✔ rejects whole-series wrong fraction (0.201533ms)
✔ rejects whole-series above fixed maximum (0.182995ms)
✔ rejects whole-series string unit (0.343546ms)
✔ rejects whole-series invalid month (0.183446ms)
✔ each altered consumer field is rejected and expired query clock is not renewed (3.066502ms)
✔ past schedule is not a future event and monthly boundary remains a period (0.807454ms)
✔ valid cache preserves original inner clock, costs zero provider HTTP and cannot use an outer expiry extension (2.445107ms)
✔ source cap stops a fifth fresh attempt without retries or provider calls (3.253132ms)
✔ primary APT and NEAR documents provide two exact N01 contexts, never an observed unlock or new score (19.851362ms)
✔ missing anchors, 200 soft error, wrong asset, wrapped asset, redirect and unlimited body cannot close vesting (12.291494ms)
✔ vestings share existing OFFICIAL_EVENTS allowance, have exact caches, and require admission before transport (31.988573ms)
✔ N08 scoped successful restriction check is useful context, never an independent positive weight (1.691284ms)
✔ finalized zero-address event is N03 context with exact units, no buyback/supply-change claim (1.215908ms)
✔ Solana balance difference does not fabricate a burn instruction (0.625501ms)
✔ technical plan is copied only from a closed same-snapshot precommitted producer (14.708498ms)
✔ an empty qualified official feed is scoped N07 context; errors and wrong publishers remain open (8.052909ms)
✔ saturated event sample narrows its range and never claims the original range complete (2.603745ms)
✔ actual full HTX catalog excludes every stock and exact forex correction, with no crypto ticker allowlist (37.387983ms)
✔ two exact finalized supply observations can provide neutral N03, but cannot prove buyback or a price effect (1.942811ms)
ℹ tests 44
ℹ suites 0
ℹ pass 44
ℹ fail 0
ℹ cancelled 0
ℹ skipped 0
ℹ todo 0
ℹ duration_ms 435.1395
