✔ actual full native returned array yields11 structural IDs across7 exact crypto assets, only4 RAY fee-complete levels (1.454307ms)
✔ three controlled HTTP replays of original actual state preserve4 exact RAY estimates through scoped and canonical consumers (139.831468ms)
✔ closed positions and invalid RPC never reuse the hint as a level; closed selected IDs are removed (202.800832ms)
✔ omission from a bounded native returned array is not a closed position and cannot remove its structural hint (137.64571ms)
✔ sparse source-derived selections use bounded exact native getters and retain fee-aware actual source estimates (58.55248ms)
✔ an explicit native closed/default tuple removes its exact selected IDs while foreign open IDs fail closed (77.950326ms)
✔ three transport receipts alone cannot convert unpinned or old discovery proof into a fresh reduced route (0.504706ms)
✔ two native HL reads plus three retained gTrade reads fit global5 and both selected assets retain calculated levels (81.736492ms)
✔ explicit smaller candidate envelope and malformed second asset batch cannot borrow global budget (86.653522ms)
✔ unknown gTrade admission ACK is charged without retries or artificial levels (2.019656ms)
✔ an unsupported first candidate cannot make the following one-request hinted snapshot reuse a spent catalog reservation (72.830017ms)
✔ retained source proof is written only after producer and canonical verification (0.72837ms)
ℹ tests 12
ℹ suites 0
ℹ pass 12
ℹ fail 0
ℹ cancelled 0
ℹ skipped 0
ℹ todo 0
ℹ duration_ms 1425.223836
