✔ same actual BTW snapshot separates four eligible facts from zero applied score blocks (4.887543ms)
✔ assigned consumer, HTTP checks or forged unbound score receipts cannot prove use (5.217004ms)
✔ stale real evidence, null direction and missing final score remain unproven (3.333651ms)
✔ all 15 configured additional blocks are checked without equating a check to a score (3.535421ms)
✔ missing identity, missing key and deferred routes are not counted as checked blocks (0.776085ms)
✔ a supplemental route cannot close a missing primary block owner (0.259016ms)
✔ an attempted provider error is recorded but cannot close its block (0.301149ms)
✔ zero-fact primary blocks require explicit completed receipts (0.365303ms)
✔ strict fresh manual audit rejects cache-only external owners but accepts fresh internal checks (0.513314ms)
✔ saturated or incomplete event samples remain attempted without closing neutral blocks (0.705369ms)
✔ missing HTTP status is not a transport receipt (0.173808ms)
✔ actual 03:35 exact saved LSK and NEAR 240-minute raw flow closes at original cutoff without hourly OI alignment (25.303437ms)
✔ actual raw flow refuses gaps, corruption, wrong contract, future observation and stale windows (21.142253ms)
✔ actual 19-peer LSK sector basket gets a bound unscored assigned review, not a fake direction or score (39.013956ms)
✔ sector review rejects arithmetic, peer identity/time, provider, snapshot and receipt substitution (2.861508ms)
✔ only individual raw minute/count matches persist; a bounded recent sample never proves 24 hours (4.464013ms)
✔ compensating minute count errors, unsafe IDs, stale and foreign metadata never green the tape (1.241368ms)
✔ changed complete minute and corrupt saved source bytes do not replace a verified ring (2.4598ms)
✔ only a complete 1440-minute ring with exact unique fills supplies a neutral signed fact to the report (45.707582ms)
✔ durable raw ring respects DB admission and readback without network requests or new tables (3.948687ms)
✔ injected corrupt acquisitions and duplicate saved minute keys are rejected before persistence (0.740252ms)
✔ the shared raw accumulator retains factual minutes older than 45 minutes already present in the same response (5.246207ms)
✔ validated immutable raw history extends the same contract sample; foreign, corrupt or conflicting fills never do (31.061216ms)
✔ saved history does not erase truncation or dropped-row provenance from the current transport (4.153221ms)
✔ internal supplemental sources do not alter approved report surfaces (2.901298ms)
✔ original actual240minute source facts remain admitted at their clock; later stale clock produces exact diagnostics instead of refreshed evidence (2.121067ms)
✔ missing source clock diagnostics survive the source-to-coverage-to-consumer audit without creating a check, participation or entry (10.773298ms)
✔ bounded diagnostics report original acquisition and ring clocks and exclude raw payloads or oversize diagnostics (0.407437ms)
✔ actual saved empty Bybit parse failure is unavailable, not proof of incompatible market identity (1.120557ms)
✔ actual mismatches, unknown identities on factual values, stale and future observations remain unusable (0.412855ms)
✔ shared providers and physical roots never multiply route counts into independent confirmations (1.059997ms)
✔ actual bounded BR/FIL receipts preserve unscored use and exact provider/source identities (14.593628ms)
ℹ tests 32
ℹ suites 0
ℹ pass 32
ℹ fail 0
ℹ cancelled 0
ℹ skipped 0
ℹ todo 0
ℹ duration_ms 310.246719
