✔ native binding requires provider native_coin_id, no token address and exact NEAR contract (6.694202ms)
✔ native cold route uses 4 calls; a new manual refresh reuses 3 references and reserves one quote call (20.762498ms)
✔ altered, future and expired reference bodies cannot be accepted as cache hits (11.939729ms)
✔ references never relabel an asset: wrong metadata stops after its one admitted call (1.230471ms)
✔ transport is forbidden without admission and malformed reference response is never cached (1.019467ms)
✔ CoinPaprika shares metadata and functional membership but fresh manual quotes still require one call (3.861797ms)
✔ native sector route remains present in the full collector when its shared envelope is exhausted (6.53778ms)
✔ real provider bodies bind NEAR to near-protocol without accepting wrapped assets (0.473034ms)
✔ all supported native networks pass through the same production sector planner (1.856663ms)
✔ all 15 blocks and market routes remain assigned for arbitrary HTX futures (0.381839ms)
✔ official registry accepts exact native networks and rejects another market binding (0.717528ms)
✔ shared route planner admits native Bluesky only with exact binding and one official domain (0.210083ms)
✔ real HTX wire bodies preserve no-prefix addresses and native chain type without substituting wrappers (0.357963ms)
✔ actual worker excludes stocks and unknown class from the deep queue (2.937562ms)
✔ actual native APT denomination binds only to its mainnet coin, and Cosmos keeps Layer0 taxonomy (2.530876ms)
✔ a stale exact asset row is refreshed by its already bound provider ID and reaches the assigned sector consumer with unchanged peer clocks (4.921955ms)
✔ an exact target refresh remains separately admitted; a denied request produces no transport or sector evidence (2.307554ms)
✔ duplicate target identities, future clocks and same-symbol peer ambiguity cannot be repaired into extra sector participation (5.781985ms)
ℹ tests 18
ℹ suites 0
ℹ pass 18
ℹ fail 0
ℹ cancelled 0
ℹ skipped 0
ℹ todo 0
ℹ duration_ms 136.809078
