✔ same actual BTW snapshot separates four eligible facts from zero applied score blocks (14.286496ms)
✔ assigned consumer, HTTP checks or forged unbound score receipts cannot prove use (6.642711ms)
✔ stale real evidence, null direction and missing final score remain unproven (3.838443ms)
✔ all 15 configured additional blocks are checked without equating a check to a score (6.026011ms)
✔ missing identity, missing key and deferred routes are not counted as checked blocks (1.89376ms)
✔ a supplemental route cannot close a missing primary block owner (0.481327ms)
✔ an attempted provider error is recorded but cannot close its block (0.607993ms)
✔ zero-fact primary blocks require explicit completed receipts (0.926226ms)
✔ strict fresh manual audit rejects cache-only external owners but accepts fresh internal checks (1.57752ms)
✔ saturated or incomplete event samples remain attempted without closing neutral blocks (1.770971ms)
✔ missing HTTP status is not a transport receipt (0.368297ms)
✔ actual 03:35 exact saved LSK and NEAR 240-minute raw flow closes at original cutoff without hourly OI alignment (38.735181ms)
✔ actual raw flow refuses gaps, corruption, wrong contract, future observation and stale windows (23.278156ms)
✔ actual 19-peer LSK sector basket gets a bound unscored assigned review, not a fake direction or score (60.397183ms)
✔ sector review rejects arithmetic, peer identity/time, provider, snapshot and receipt substitution (8.731984ms)
✔ only individual raw minute/count matches persist; a bounded recent sample never proves 24 hours (8.52584ms)
✔ compensating minute count errors, unsafe IDs, stale and foreign metadata never green the tape (2.642164ms)
✔ changed complete minute and corrupt saved source bytes do not replace a verified ring (5.657735ms)
✔ only a complete 1440-minute ring with exact unique fills supplies a neutral signed fact to the report (102.741822ms)
✔ durable raw ring respects DB admission and readback without network requests or new tables (6.641949ms)
✔ injected corrupt acquisitions and duplicate saved minute keys are rejected before persistence (1.429814ms)
✔ the shared raw accumulator retains factual minutes older than 45 minutes already present in the same response (6.190617ms)
✔ validated immutable raw history extends the same contract sample; foreign, corrupt or conflicting fills never do (67.201705ms)
✔ saved history does not erase truncation or dropped-row provenance from the current transport (6.164589ms)
✔ internal supplemental sources do not alter approved report surfaces (4.420419ms)
✔ original actual240minute source facts remain admitted at their clock; later stale clock produces exact diagnostics instead of refreshed evidence (2.835344ms)
✔ missing source clock diagnostics survive the source-to-coverage-to-consumer audit without creating a check, participation or entry (12.000285ms)
✔ bounded diagnostics report original acquisition and ring clocks and exclude raw payloads or oversize diagnostics (0.538334ms)
✔ actual saved empty Bybit parse failure is unavailable, not proof of incompatible market identity (2.230958ms)
✔ actual mismatches, unknown identities on factual values, stale and future observations remain unusable (0.492739ms)
✔ shared providers and physical roots never multiply route counts into independent confirmations (1.946878ms)
✔ actual bounded BR/FIL receipts preserve unscored use and exact provider/source identities (25.918365ms)
ℹ tests 32
ℹ suites 0
ℹ pass 32
ℹ fail 0
ℹ cancelled 0
ℹ skipped 0
ℹ todo 0
ℹ duration_ms 517.140149
