✔ actual retained QNT renders exactly the owner-approved draft without changing canonical analysis or manual bytes (74.798406ms)
✔ immutable original SENT146 presentation remains accepted only on its original historical input (15.985631ms)
✔ all new lifecycle forms omit schedule and market snapshot without creating levels or changing entry conditions (2.340736ms)
✔ closed OI increases, decreases, mixed signs and absence retain factual meaning (6.380006ms)
✔ unconfirmed trade sample cannot be promoted into a Telegram fact (21.535397ms)
✔ all retained canonical rows preserve fingerprint, source clocks, refusals and approved renderers (164.450704ms)
✔ same retained corpus binds block facts to approved output without inventing scores or liquidation targets (113.352483ms)
✔ LONG: composed adapter to lifecycle to approved binding to injected relay and dedup (34.174311ms)
✔ SHORT: composed adapter to lifecycle to approved binding to injected relay and dedup (17.976999ms)
✔ ambiguous relay NO_ID cannot be recorded as a confirmed delivery (15.93605ms)
✔ ambiguous relay ZERO_ID cannot be recorded as a confirmed delivery (15.340322ms)
✔ ambiguous relay NONNUMERIC_ID cannot be recorded as a confirmed delivery (16.170466ms)
✔ ambiguous relay READY_ONLY cannot be recorded as a confirmed delivery (15.286622ms)
✔ ambiguous relay NEGATIVE_ID cannot be recorded as a confirmed delivery (15.148648ms)
✔ qualification LOW_SCORE blocks the composed chain before network delivery (5.012971ms)
✔ qualification DIRECTION_UNKNOWN blocks the composed chain before network delivery (5.747264ms)
✔ qualification MISSING_TRIGGER blocks the composed chain before network delivery (4.96155ms)
✔ qualification MISSING_CONFIRMING_SOURCE blocks the composed chain before network delivery (4.337033ms)
✔ qualification REJECTED blocks the composed chain before network delivery (4.108168ms)
✔ expired or fingerprint-corrupted persisted publication cannot reach the relay (24.081799ms)
✔ journal finalization itself requires a positive receipt even when a caller says confirmed (53.340836ms)
✔ composed transport SERVER_500 preserves failure without false delivery (14.786552ms)
✔ composed transport REJECTED_400 preserves failure without false delivery (14.639834ms)
✔ composed transport NETWORK_ERROR preserves failure without false delivery (14.020948ms)
✔ owner-required old-idea replay: before/after actual source weights keep sendable observations eligible through bound delivery (205.708084ms)
✔ LONG: published adapter observation receives the new bounded collector price check (27.345673ms)
✔ SHORT: published adapter observation receives the new bounded collector price check (20.943997ms)
✔ new owner-approved Telegram form hides schedule while complete manual retains price-check semantics (2.453161ms)
file:///home/runner/work/my-report-2-cloud-runner/my-report-2-cloud-runner/current-generation/tests/brief-telegram-facts.runtime.mjs:13
const row=exact.rows.find(r=>r.contract_code==='ZEC-USDT'),c=row.canonical;
                                                                 ^

TypeError: Cannot read properties of undefined (reading 'canonical')
    at file:///home/runner/work/my-report-2-cloud-runner/my-report-2-cloud-runner/current-generation/tests/brief-telegram-facts.runtime.mjs:13:66

Node.js v24.21.0
✖ current-generation/tests/brief-telegram-facts.runtime.mjs (74.323126ms)
ℹ tests 29
ℹ suites 0
ℹ pass 28
ℹ fail 1
ℹ cancelled 0
ℹ skipped 0
ℹ todo 0
ℹ duration_ms 988.139448

✖ failing tests:

test at current-generation/tests/brief-telegram-facts.runtime.mjs:1:1
✖ current-generation/tests/brief-telegram-facts.runtime.mjs (74.323126ms)
  'test failed'
