✔ actual assembled runner passes the exact lease_started_ts and charges one scheduled attempt before analysis (12.724328ms)
✔ foreign scheduler owner or missing original lease cannot charge or launch a competing scheduled analysis (1.173107ms)
✔ original SENT155 has a reachable analysis window before the original30-minute TTL (25.935459ms)
✔ receipt cannot authorize entry, execution or invented settlement (33.559226ms)
✔ changed identity, canonical payload, absent SENT id and stale future receipts cannot enter the burst lane (66.262382ms)
✔ price below trigger, cancellation, expiration and exact expiry are rejected (49.12077ms)
✔ SHORT uses its own threshold and cancellation without reversing native conditions (36.103569ms)
✔ exact SENT trigger admits one candidate without consuming or renewing ordinary cadence (17.281031ms)
✔ the actual runner NOT_DUE branch continues into a fresh exact full recheck and preserves the regular clock (21.117516ms)
✔ duplicate attempts and concurrent executors cannot charge or launch a fourth daily burst (60.723774ms)
✔ unsent or foreign-wave lifecycle cannot admit full analysis (20.699173ms)
✔ a foreign actor and exhausted D1 budget create no admission tables or source calls (6.019842ms)
✔ targeted scheduler selects the admitted task even when an older waiting task exists (21.420202ms)
✔ cancellation or expiry between admission and worker claim never falls back to another coin (68.820846ms)
✔ the effective deep planner rechecks the exact contract inside the30-minute cooldown at one slot (3.732499ms)
ℹ tests 15
ℹ suites 0
ℹ pass 15
ℹ fail 0
ℹ cancelled 0
ℹ skipped 0
ℹ todo 0
ℹ duration_ms 532.470778
